{"logTime": "0716/102802", "correlationVector":"AmIXFkATsv8W/YVt2y/NSs","action":"EXTENSION_UPDATER", "result":""}
{"logTime": "0717/063525", "correlationVector":"IFMzQDKgOU2svPq/mpQY9S","action":"EXTENSION_UPDATER", "result":""}
{"logTime": "0717/171705", "correlationVector":"pUxjJmqKZ/W/E827yL3uuo","action":"EXTENSION_UPDATER", "result":""}
{"logTime": "0718/074805", "correlationVector":"sXE1Pjl38agzfUEEe4prqB","action":"EXTENSION_UPDATER", "result":""}
{"logTime": "0718/120849", "correlationVector":"8xP4oKMiRwE5Ci0gQw4zgk","action":"EXTENSION_UPDATER", "result":""}
{"logTime": "0718/164458", "correlationVector":"ItBLDIuZkRzU5thAblRv41","action":"EXTENSION_UPDATER", "result":""}
{"logTime": "0719/094827", "correlationVector":"jZOhUi6a67BXKBCzq+/Ytb","action":"EXTENSION_UPDATER", "result":""}
{"logTime": "0719/152159", "correlationVector":"YjaDTFgsUsFfDMBTHruWnN","action":"EXTENSION_UPDATER", "result":""}
{"logTime": "0719/203247", "correlationVector":"xXPsAaHuwEMBnFuLVbvNhJ","action":"EXTENSION_UPDATER", "result":""}
{"logTime": "0720/083324", "correlationVector":"BC5OGdYp04UXAsXvDIWV14","action":"EXTENSION_UPDATER", "result":""}
{"logTime": "0720/135745", "correlationVector":"a0IaEWn3tB+OhPuo2OrQ4Q","action":"EXTENSION_UPDATER", "result":""}
{"logTime": "0721/093310", "correlationVector":"FuXxohnQOwqnOouBY4at3a","action":"EXTENSION_UPDATER", "result":""}
{"logTime": "0721/131002", "correlationVector":"ZaOgnLc0vby+VClDvg3Ef7","action":"EXTENSION_UPDATER", "result":""}
{"logTime": "0721/142146", "correlationVector":"K+rQlz6ZohhHc9FN+3ajus","action":"EXTENSION_UPDATER", "result":""}
{"logTime": "0721/202913", "correlationVector":"DuPm79MGy8j9zpwHbbP6ur","action":"EXTENSION_UPDATER", "result":""}
{"logTime": "0721/202936", "correlationVector":"485DaJOswsDjLxAYoBuIZJ","action":"EXTENSION_UPDATER", "result":""}
{"logTime": "0721/203000", "correlationVector":"G6dJGVpVT6DPgB99G/xKDK","action":"EXTENSION_UPDATER", "result":""}
{"logTime": "0722/114938", "correlationVector":"lyfs0fVR8Peu48fvmoeWyx","action":"EXTENSION_UPDATER", "result":""}
{"logTime": "0722/213102", "correlationVector":"QJZq4JX2xBoxdsEiBJB5nm","action":"EXTENSION_UPDATER", "result":""}
{"logTime": "0723/115902", "correlationVector":"VRB6rh+rTYE5Csuydk6LYm","action":"EXTENSION_UPDATER", "result":""}
{"logTime": "0723/174612", "correlationVector":"uVrK75nTF/s+vvEYn5rcz5","action":"EXTENSION_UPDATER", "result":""}
{"logTime": "0724/100352", "correlationVector":"1xW8T1Iq5NgXzG26FvjaK3","action":"EXTENSION_UPDATER", "result":""}
{"logTime": "0724/173906", "correlationVector":"UEoxQTmZqT54CcTY1oWcqV","action":"EXTENSION_UPDATER", "result":""}
{"logTime": "0724/173928", "correlationVector":"pofRizmDwe/1R3SmLaoZHx","action":"EXTENSION_UPDATER", "result":""}
{"logTime": "0724/173952", "correlationVector":"pz6b9GPAZyuMcBV+aBsWu6","action":"EXTENSION_UPDATER", "result":""}
{"logTime": "0725/085807", "correlationVector":"AAi33PVvnlNxnaycI2+crR","action":"EXTENSION_UPDATER", "result":""}
{"logTime": "0725/140937", "correlationVector":"6QZbQi7JNuEIT8ijclx9C6","action":"EXTENSION_UPDATER", "result":""}
{"logTime": "0726/071601", "correlationVector":"IerIO0dIIbCjMZGzblcdzl","action":"EXTENSION_UPDATER", "result":""}
{"logTime": "0726/122725", "correlationVector":"Ji9kNVwTxZ5Qd+Ym173Jna","action":"EXTENSION_UPDATER", "result":""}
{"logTime": "0726/183901", "correlationVector":"jk6rOGRrAE9Nb4wzc+C2o1","action":"EXTENSION_UPDATER", "result":""}
{"logTime": "0727/060416", "correlationVector":"GesKnGBqRc+0dNrjBiHi7c","action":"EXTENSION_UPDATER", "result":""}
{"logTime": "0727/114932", "correlationVector":"dnCVeLmYhvZYR+MobGpeE3","action":"EXTENSION_UPDATER", "result":""}
{"logTime": "0727/192331", "correlationVector":"QAvycbs9SMKqogmZTgubOh","action":"EXTENSION_UPDATER", "result":""}
{"logTime": "0728/001247", "correlationVector":"VTUMtnvxiZugvLs39/6wUT","action":"EXTENSION_UPDATER", "result":""}
{"logTime": "0728/072812", "correlationVector":"IstLJRX6slB6JgJCeHuYBF","action":"EXTENSION_UPDATER", "result":""}
