TeX Live installer invocation: ./install-tl --no-interaction --scheme=science 
Trying to verify cryptographic signatures!
Loading https://ctan.net/systems/texlive/tlnet/tlpkg/texlive.tlpdb
./install-tl: No science, switching to scheme-minimal.
Installing TeX Live 2023 from: https://ctan.net/systems/texlive/tlnet (verified)
Platform: x86_64-linux => 'GNU/Linux on x86_64'
Distribution: net  (downloading)
Using URL: https://ctan.net/systems/texlive/tlnet
Directory for temporary files: /tmp/Kk6VarEJ_H
Installer revision: 66578
Database revision: 67432
Scheme scheme-science not defined, ignoring it.
Settings:
  TEXDIR: "/usr/local/texlive/2023"
  TEXMFCONFIG: "~/.texlive2023/texmf-config"
  TEXMFHOME: "~/texmf"
  TEXMFLOCAL: "/usr/local/texlive/texmf-local"
  TEXMFSYSCONFIG: "/usr/local/texlive/2023/texmf-config"
  TEXMFSYSVAR: "/usr/local/texlive/2023/texmf-var"
  TEXMFVAR: "~/.texlive2023/texmf-var"
  binary_aarch64-linux: ""
  binary_amd64-freebsd: ""
  binary_amd64-netbsd: ""
  binary_armhf-linux: ""
  binary_i386-freebsd: ""
  binary_i386-linux: ""
  binary_i386-netbsd: ""
  binary_i386-solaris: ""
  binary_universal-darwin: ""
  binary_windows: ""
  binary_x86_64-cygwin: ""
  binary_x86_64-darwinlegacy: ""
  binary_x86_64-linux: "1"
  binary_x86_64-linuxmusl: ""
  binary_x86_64-solaris: ""
  collection-basic: "1"
  collection-bibtexextra: ""
  collection-binextra: ""
  collection-context: ""
  collection-fontsextra: ""
  collection-fontsrecommended: ""
  collection-fontutils: ""
  collection-formatsextra: ""
  collection-games: ""
  collection-humanities: ""
  collection-langarabic: ""
  collection-langchinese: ""
  collection-langcjk: ""
  collection-langcyrillic: ""
  collection-langczechslovak: ""
  collection-langenglish: ""
  collection-langeuropean: ""
  collection-langfrench: ""
  collection-langgerman: ""
  collection-langgreek: ""
  collection-langitalian: ""
  collection-langjapanese: ""
  collection-langkorean: ""
  collection-langother: ""
  collection-langpolish: ""
  collection-langportuguese: ""
  collection-langspanish: ""
  collection-latex: ""
  collection-latexextra: ""
  collection-latexrecommended: ""
  collection-luatex: ""
  collection-mathscience: ""
  collection-metapost: ""
  collection-music: ""
  collection-pictures: ""
  collection-plaingeneric: ""
  collection-pstricks: ""
  collection-publishers: ""
  collection-texworks: ""
  collection-wintools: ""
  collection-xetex: ""
  doc_splitting_supported: "1"
  free_size: "6891"
  inst_platform: "x86_64-linux"
  instopt_adjustpath: ""
  instopt_adjustrepo: "1"
  instopt_letter: ""
  instopt_portable: ""
  instopt_write18_restricted: "1"
  n_collections_available: "41"
  n_collections_selected: "1"
  n_systems_available: "15"
  n_systems_selected: "1"
  selected_scheme: "scheme-minimal"
  src_splitting_supported: "1"
  this_platform: "x86_64-linux"
  tlpdbopt_autobackup: "1"
  tlpdbopt_backupdir: "tlpkg/backups"
  tlpdbopt_create_formats: "1"
  tlpdbopt_desktop_integration: "1"
  tlpdbopt_file_assocs: "1"
  tlpdbopt_generate_updmap: ""
  tlpdbopt_install_docfiles: "1"
  tlpdbopt_install_srcfiles: "1"
  tlpdbopt_location: "https://ctan.net/systems/texlive/tlnet"
  tlpdbopt_post_code: "1"
  tlpdbopt_sys_bin: "/usr/local/bin"
  tlpdbopt_sys_info: "/usr/local/share/info"
  tlpdbopt_sys_man: "/usr/local/share/man"
  tlpdbopt_w32_multi_user: "1"
  total_size: ""
Installing to: /usr/local/texlive/2023
Installing [1/4, time/total: ??:??/??:??]: hyphen-base [22k]
Installing [2/4, time/total: 00:00/00:00]: kpathsea [1048k]
Installing [3/4, time/total: 00:01/00:02]: texlive-scripts [529k]
Installing [4/4, time/total: 00:01/00:01]: texlive.infra [547k]
Time used for installing the packages: 00:02
Installing [01/53, time/total: ??:??/??:??]: amsfonts [4725k]
